###############################################################################
#
# IAR ELF Linker V7.10.1.6676/W32 for ARM                 13/Jul/2018  19:18:14
# Copyright 2007-2014 IAR Systems AB.
#
#    Output file  =  
#        C:\Users\Mr.Wang\Desktop\k60模板\Prj\IAR\DZ10_Release\Exe\vcan_Kinetis.out
#    Map file     =  
#        C:\Users\Mr.Wang\Desktop\k60模板\Prj\IAR\DZ10_Release\List\vcan_Kinetis.map
#    Command line =  
#        C:\Users\Mr.Wang\Desktop\k60模板\Prj\IAR\DZ10_Release\Obj\main.o
#        C:\Users\Mr.Wang\Desktop\k60模板\Prj\IAR\DZ10_Release\Obj\misc.o
#        C:\Users\Mr.Wang\Desktop\k60模板\Prj\IAR\DZ10_Release\Obj\MK60_conf.o
#        C:\Users\Mr.Wang\Desktop\k60模板\Prj\IAR\DZ10_Release\Obj\MK60_DWT.o
#        C:\Users\Mr.Wang\Desktop\k60模板\Prj\IAR\DZ10_Release\Obj\MK60_flash.o
#        C:\Users\Mr.Wang\Desktop\k60模板\Prj\IAR\DZ10_Release\Obj\MK60_gpio.o
#        C:\Users\Mr.Wang\Desktop\k60模板\Prj\IAR\DZ10_Release\Obj\MK60_it.o
#        C:\Users\Mr.Wang\Desktop\k60模板\Prj\IAR\DZ10_Release\Obj\MK60_lptmr.o
#        C:\Users\Mr.Wang\Desktop\k60模板\Prj\IAR\DZ10_Release\Obj\MK60_mcg.o
#        C:\Users\Mr.Wang\Desktop\k60模板\Prj\IAR\DZ10_Release\Obj\MK60_PIT.o
#        C:\Users\Mr.Wang\Desktop\k60模板\Prj\IAR\DZ10_Release\Obj\MK60_port.o
#        C:\Users\Mr.Wang\Desktop\k60模板\Prj\IAR\DZ10_Release\Obj\MK60_SysTick.o
#        C:\Users\Mr.Wang\Desktop\k60模板\Prj\IAR\DZ10_Release\Obj\MK60_uart.o
#        C:\Users\Mr.Wang\Desktop\k60模板\Prj\IAR\DZ10_Release\Obj\MK60_wdog.o
#        C:\Users\Mr.Wang\Desktop\k60模板\Prj\IAR\DZ10_Release\Obj\oled.o
#        C:\Users\Mr.Wang\Desktop\k60模板\Prj\IAR\DZ10_Release\Obj\startup_MK60DZ10.o
#        C:\Users\Mr.Wang\Desktop\k60模板\Prj\IAR\DZ10_Release\Obj\system_MK60DZ10.o
#        C:\Users\Mr.Wang\Desktop\k60模板\Prj\IAR\DZ10_Release\Obj\VCAN_key.o
#        C:\Users\Mr.Wang\Desktop\k60模板\Prj\IAR\DZ10_Release\Obj\VCAN_LED.o
#        C:\Users\Mr.Wang\Desktop\k60模板\Prj\IAR\DZ10_Release\Obj\vectors.o
#        --redirect _Printf=_PrintfLargeNoMb --redirect _Scanf=_ScanfLargeNoMb
#        -o
#        C:\Users\Mr.Wang\Desktop\k60模板\Prj\IAR\DZ10_Release\Exe\vcan_Kinetis.out
#        --map
#        C:\Users\Mr.Wang\Desktop\k60模板\Prj\IAR\DZ10_Release\List\vcan_Kinetis.map
#        --config "C:\Users\Mr.Wang\Desktop\k60模板\Prj\IAR\config
#        files\vcan_ROM_K60N512.icf"
#        C:\Users\Mr.Wang\Desktop\k60模板\Prj\IAR\..\..\Lib\CMSIS\iar_cortexM4l_math.a
#        --entry __iar_program_start --redirect __write=__write_buffered
#        --inline --vfe
#
###############################################################################

*******************************************************************************
*** RUNTIME MODEL ATTRIBUTES
***

CppFlavor       = *
__SystemLibrary = DLib


*******************************************************************************
*** PLACEMENT SUMMARY
***

"A1":  place at 0x00000000 { ro section .intvec };
"A2":  place at 0x00000410 { ro section .noinit };
"P1":  place in [from 0x00000000 to 0x00080000] { ro, block CodeRelocate };
"P2":  place in [from 0x1fff0410 to 0x20010000] {
          rw, block CodeRelocateRam, block CSTACK, block HEAP };

  Section              Kind        Address    Size  Object
  -------              ----        -------    ----  ------
"A1":                                        0x410
  .intvec              const    0x00000000   0x410  vectors.o [1]
                              - 0x00000410   0x410

"P1", part 1 of 2:                             0x0
  .rodata              const    0x00000410     0x0  zero_init3.o [5]

"A2":                                          0x8
  .noinit              ro code  0x00000410     0x8  startup_MK60DZ10.o [1]
                              - 0x00000418     0x8

"P1", part 2 of 2:                          0x2364
  .text                ro code  0x00000418  0x1174  oled.o [1]
  .text                ro code  0x0000158c    0x48  MK60_gpio.o [1]
  .text                ro code  0x000015d4    0x74  MK60_port.o [1]
  .text                ro code  0x00001648    0x60  MK60_PIT.o [1]
  .rodata              const    0x000016a8   0xa64  oled.o [1]
  Veneer               ro code  0x0000210c     0x8  - Linker created -
  .text                ro code  0x00002114   0x1b4  MK60_mcg.o [1]
  .text                ro code  0x000022c8   0x150  MK60_uart.o [1]
  .text                ro code  0x00002418    0xcc  system_MK60DZ10.o [1]
  .text                ro code  0x000024e4    0x2c  MK60_wdog.o [1]
  .text                ro code  0x00002510    0x18  main.o [1]
  .text                ro code  0x00002528    0x76  ABImemcpy_unaligned.o [5]
  .text                ro code  0x0000259e    0x22  zero_init3.o [5]
  .text                ro code  0x000025c0     0xc  misc.o [1]
  .text                ro code  0x000025cc     0x6  ABImemclr.o [5]
  .text                ro code  0x000025d4    0x5e  ABImemset.o [5]
  .data_init                    0x00002634    0x8c  <Block>
    Initializer bytes  ro data  0x00002634    0x8c  <for .data-1>
  CodeRelocate                  0x000026c0    0x3c  <Block>
    Initializer bytes  ro data  0x000026c0    0x3c  <for CodeRelocateRam-1>
  .text                ro code  0x000026fc    0x28  data_init.o [5]
  .iar.init_table      const    0x00002724    0x10  - Linker created -
  .text                ro code  0x00002734    0x1a  cmain.o [5]
  .text                ro code  0x0000274e     0x4  exit.o [3]
  .text                ro code  0x00002754     0xa  cexit.o [5]
  .text                ro code  0x00002760     0xc  XXexit.o [5]
  .text                ro code  0x0000276c     0xc  cstartup_M.o [5]
  .text                ro code  0x00002778     0x4  MK60_conf.o [1]
                              - 0x0000277c  0x2364

"P2", part 1 of 2:                            0xc8
  .data                         0x1fff0410    0x8c  <Block>
    .data-1                     0x1fff0410    0x8c  <Init block>
      .data            inited   0x1fff0410    0x14  MK60_gpio.o [1]
      .data            inited   0x1fff0424    0x44  MK60_mcg.o [1]
      .data            inited   0x1fff0468     0x4  MK60_mcg.o [1]
      .data            inited   0x1fff046c    0x14  MK60_port.o [1]
      .data            inited   0x1fff0480    0x1c  MK60_uart.o [1]
  CodeRelocateRam               0x1fff049c    0x3c  <Block>
    CodeRelocateRam-1           0x1fff049c    0x3c  <Init block>
      .textrw          inited   0x1fff049c    0x3c  MK60_mcg.o [1]
                              - 0x1fff04d8    0xc8

"P2", part 2 of 2:                           0x40c
  .bss                          0x1fff04d8   0x40c  <Block>
    .bss               zero     0x1fff04d8   0x400  oled.o [1]
    .bss               zero     0x1fff08d8     0xc  system_MK60DZ10.o [1]
                              - 0x1fff08e4   0x40c


*******************************************************************************
*** INIT TABLE
***

          Address     Size
          -------     ----
Zero (__iar_zero_init3)
    1 destination range, total size 0x40c:
          0x1fff04d8  0x40c



*******************************************************************************
*** MODULE SUMMARY
***

    Module                 ro code  rw code  ro data  rw data
    ------                 -------  -------  -------  -------
C:\Users\Mr.Wang\Desktop\k60模板\Prj\IAR\DZ10_Release\Obj: [1]
    MK60_PIT.o                  96
    MK60_conf.o                  4
    MK60_gpio.o                 72                20       20
    MK60_mcg.o                 436       60      132       72
    MK60_port.o                116                20       20
    MK60_uart.o                336                28       28
    MK60_wdog.o                 44
    main.o                      24
    misc.o                      12
    oled.o                   4 468             2 660    1 024
    startup_MK60DZ10.o           8
    system_MK60DZ10.o          204                         12
    vectors.o                                  1 040
    ---------------------------------------------------------
    Total:                   5 820       60    3 900    1 176

command line: [2]
    ---------------------------------------------------------
    Total:

dl7M_tlf.a: [3]
    exit.o                       4
    ---------------------------------------------------------
    Total:                       4

m7M_tl.a: [4]
    ---------------------------------------------------------
    Total:

rt7M_tl.a: [5]
    ABImemclr.o                  6
    ABImemcpy_unaligned.o      118
    ABImemset.o                 94
    XXexit.o                    12
    cexit.o                     10
    cmain.o                     26
    cstartup_M.o                12
    data_init.o                 40
    zero_init3.o                34
    ---------------------------------------------------------
    Total:                     352

    Gaps                         6
    Linker created               8                16
-------------------------------------------------------------
    Grand Total:             6 190       60    3 916    1 176


*******************************************************************************
*** ENTRY LIST
***

Entry                      Address   Size  Type      Object
-----                      -------   ----  ----      ------
.bss$$Base              0x1fff04d8          --   Gb  - Linker created -
.bss$$Limit             0x1fff08e4          --   Gb  - Linker created -
.data$$Base             0x1fff0410          --   Gb  - Linker created -
.data$$Limit            0x1fff049c          --   Gb  - Linker created -
.data_init$$Base        0x00002634          --   Gb  - Linker created -
.data_init$$Limit       0x000026c0          --   Gb  - Linker created -
?main                   0x00002735         Code  Gb  cmain.o [5]
CodeRelocate$$Base      0x000026c0          --   Gb  - Linker created -
CodeRelocate$$Limit     0x000026fc          --   Gb  - Linker created -
CodeRelocateRam$$Base   0x1fff049c          --   Gb  - Linker created -
CodeRelocateRam$$Limit  0x1fff04d8          --   Gb  - Linker created -
GPIOX                   0x1fff0410   0x14  Data  Gb  MK60_gpio.o [1]
OLED_Clear              0x000004ad   0x26  Code  Gb  oled.o [1]
OLED_DrawPoint          0x000004d3   0x3c  Code  Gb  oled.o [1]
OLED_GRAM               0x1fff04d8  0x400  Data  Gb  oled.o [1]
OLED_Init               0x00001435  0x14e  Code  Gb  oled.o [1]
OLED_Refresh_Gram       0x00000419   0x64  Code  Gb  oled.o [1]
OLED_ShowChar           0x0000050f   0xc8  Code  Gb  oled.o [1]
OLED_ShowNum            0x0000134d   0xa4  Code  Gb  oled.o [1]
OLED_Showint            0x000013f1   0x44  Code  Gb  oled.o [1]
OLED_WR_Byte            0x0000047d   0x30  Code  Gb  oled.o [1]
PORTX                   0x1fff046c   0x14  Data  Gb  MK60_port.o [1]
Region$$Table$$Base     0x00002724          --   Gb  - Linker created -
Region$$Table$$Limit    0x00002734          --   Gb  - Linker created -
Reset_Handler           0x00000411         Code  Gb  startup_MK60DZ10.o [1]
UARTN                   0x1fff0484   0x18  Data  Gb  MK60_uart.o [1]
__BOOT_STACK_ADDRESS {Abs}
                        0x2000fff8          --   Gb  command line/config [2]
__VECTOR_RAM {Abs}      0x1fff0000          --   Gb  command line/config [2]
__VECTOR_TABLE {Abs}    0x00000000          --   Gb  command line/config [2]
__aeabi_memclr          0x000025cd         Code  Gb  ABImemclr.o [5]
__cmain                 0x00002735         Code  Gb  cmain.o [5]
__code_start__ {Abs}    0x00000410          --   Gb  command line/config [2]
__exit                  0x00002761         Code  Gb  XXexit.o [5]
__iar_Memset_word       0x000025d5         Code  Gb  ABImemset.o [5]
__iar_data_init3        0x000026fd   0x28  Code  Gb  data_init.o [5]
__iar_program_start     0x0000276d         Code  Gb  cstartup_M.o [5]
__iar_unaligned___aeabi_memcpy
                        0x00002529         Code  Gb  ABImemcpy_unaligned.o [5]
__iar_unaligned___aeabi_memcpy4
                        0x00002549         Code  Gb  ABImemcpy_unaligned.o [5]
__iar_unaligned___aeabi_memcpy8
                        0x00002549         Code  Gb  ABImemcpy_unaligned.o [5]
__iar_zero_init3        0x0000259f   0x22  Code  Gb  zero_init3.o [5]
__vector_table          0x00000000  0x410  Data  Gb  vectors.o [1]
_call_main              0x00002741         Code  Gb  cmain.o [5]
_exit                   0x00002755         Code  Gb  cexit.o [5]
_main                   0x0000274b         Code  Gb  cmain.o [5]
asc2_1206               0x000016a8  0x474  Data  Gb  oled.o [1]
asc2_1608               0x00001b1c  0x5f0  Data  Gb  oled.o [1]
asc2_2412               0x000005e8  0xd5c  Data  Gb  oled.o [1]
bus_clk_khz             0x1fff08e0    0x4  Data  Gb  system_MK60DZ10.o [1]
common_startup          0x0000246b   0x48  Code  Gb  system_MK60DZ10.o [1]
core_clk_khz            0x1fff08d8    0x4  Data  Gb  system_MK60DZ10.o [1]
core_clk_mhz            0x1fff08dc    0x4  Data  Gb  system_MK60DZ10.o [1]
default_isr             0x00002779    0x2  Code  Gb  MK60_conf.o [1]
exit                    0x0000274f    0x4  Code  Gb  exit.o [3]
gpio_init               0x0000158d   0x42  Code  Gb  MK60_gpio.o [1]
main                    0x00002511   0x18  Code  Gb  main.o [1]
mcg_cfg                 0x1fff0424   0x44  Data  Gb  MK60_mcg.o [1]
mcg_div                 0x1fff0468    0x4  Data  Gb  MK60_mcg.o [1]
mcg_div_count           0x00002115  0x12c  Code  Gb  MK60_mcg.o [1]
now_state               0x1fff0480    0x1  Data  Gb  MK60_uart.o [1]
pit_delay               0x00001649   0x52  Code  Gb  MK60_PIT.o [1]
pll_init                0x00002241   0x7c  Code  Gb  MK60_mcg.o [1]
port_init               0x000015d5   0x2c  Code  Gb  MK60_port.o [1]
port_init_NoALT         0x00001601   0x38  Code  Gb  MK60_port.o [1]
set_sys_dividers        0x1fff049d   0x3c  Code  Gb  MK60_mcg.o [1]
start                   0x00002419   0x1e  Code  Gb  system_MK60DZ10.o [1]
sysinit                 0x00002437   0x34  Code  Gb  system_MK60DZ10.o [1]
uart_init               0x000022c9  0x13e  Code  Gb  MK60_uart.o [1]
wdog_disable            0x000024e5   0x26  Code  Gb  MK60_wdog.o [1]
write_vtor              0x000025c1    0x6  Code  Gb  misc.o [1]


[1] = C:\Users\Mr.Wang\Desktop\k60模板\Prj\IAR\DZ10_Release\Obj
[2] = command line
[3] = dl7M_tlf.a
[4] = m7M_tl.a
[5] = rt7M_tl.a

  6 190 bytes of readonly  code memory
     60 bytes of readwrite code memory
  3 916 bytes of readonly  data memory
  1 176 bytes of readwrite data memory

Errors: none
Warnings: none
