###############################################################################
#
# IAR ELF Linker V7.10.1.6676/W32 for ARM                 13/Jul/2018  19:54:51
# Copyright 2007-2014 IAR Systems AB.
#
#    Output file  =  
#        C:\Users\Mr.Wang\Desktop\k60模板\Prj\IAR\DZ10_Debug\Exe\vcan_Kinetis.out
#    Map file     =  
#        C:\Users\Mr.Wang\Desktop\k60模板\Prj\IAR\DZ10_Debug\List\vcan_Kinetis.map
#    Command line =  
#        C:\Users\Mr.Wang\Desktop\k60模板\Prj\IAR\DZ10_Debug\Obj\main.o
#        C:\Users\Mr.Wang\Desktop\k60模板\Prj\IAR\DZ10_Debug\Obj\misc.o
#        C:\Users\Mr.Wang\Desktop\k60模板\Prj\IAR\DZ10_Debug\Obj\MK60_conf.o
#        C:\Users\Mr.Wang\Desktop\k60模板\Prj\IAR\DZ10_Debug\Obj\MK60_DWT.o
#        C:\Users\Mr.Wang\Desktop\k60模板\Prj\IAR\DZ10_Debug\Obj\MK60_flash.o
#        C:\Users\Mr.Wang\Desktop\k60模板\Prj\IAR\DZ10_Debug\Obj\MK60_gpio.o
#        C:\Users\Mr.Wang\Desktop\k60模板\Prj\IAR\DZ10_Debug\Obj\MK60_it.o
#        C:\Users\Mr.Wang\Desktop\k60模板\Prj\IAR\DZ10_Debug\Obj\MK60_lptmr.o
#        C:\Users\Mr.Wang\Desktop\k60模板\Prj\IAR\DZ10_Debug\Obj\MK60_mcg.o
#        C:\Users\Mr.Wang\Desktop\k60模板\Prj\IAR\DZ10_Debug\Obj\MK60_PIT.o
#        C:\Users\Mr.Wang\Desktop\k60模板\Prj\IAR\DZ10_Debug\Obj\MK60_port.o
#        C:\Users\Mr.Wang\Desktop\k60模板\Prj\IAR\DZ10_Debug\Obj\MK60_SysTick.o
#        C:\Users\Mr.Wang\Desktop\k60模板\Prj\IAR\DZ10_Debug\Obj\MK60_uart.o
#        C:\Users\Mr.Wang\Desktop\k60模板\Prj\IAR\DZ10_Debug\Obj\MK60_wdog.o
#        C:\Users\Mr.Wang\Desktop\k60模板\Prj\IAR\DZ10_Debug\Obj\oled.o
#        C:\Users\Mr.Wang\Desktop\k60模板\Prj\IAR\DZ10_Debug\Obj\startup_MK60DZ10.o
#        C:\Users\Mr.Wang\Desktop\k60模板\Prj\IAR\DZ10_Debug\Obj\system_MK60DZ10.o
#        C:\Users\Mr.Wang\Desktop\k60模板\Prj\IAR\DZ10_Debug\Obj\VCAN_key.o
#        C:\Users\Mr.Wang\Desktop\k60模板\Prj\IAR\DZ10_Debug\Obj\VCAN_LED.o
#        C:\Users\Mr.Wang\Desktop\k60模板\Prj\IAR\DZ10_Debug\Obj\vectors.o
#        --redirect _Printf=_PrintfLargeNoMb --redirect _Scanf=_ScanfLargeNoMb
#        -o
#        C:\Users\Mr.Wang\Desktop\k60模板\Prj\IAR\DZ10_Debug\Exe\vcan_Kinetis.out
#        --map
#        C:\Users\Mr.Wang\Desktop\k60模板\Prj\IAR\DZ10_Debug\List\vcan_Kinetis.map
#        --config "C:\Users\Mr.Wang\Desktop\k60模板\Prj\IAR\config
#        files\vcan_ROM_K60N512.icf"
#        C:\Users\Mr.Wang\Desktop\k60模板\Prj\IAR\..\..\Lib\CMSIS\iar_cortexM4l_math.a
#        --entry __iar_program_start --vfe
#
###############################################################################

*******************************************************************************
*** RUNTIME MODEL ATTRIBUTES
***

CppFlavor       = *
__SystemLibrary = DLib


*******************************************************************************
*** PLACEMENT SUMMARY
***

"A1":  place at 0x00000000 { ro section .intvec };
"A2":  place at 0x00000410 { ro section .noinit };
"P1":  place in [from 0x00000000 to 0x00080000] { ro, block CodeRelocate };
"P2":  place in [from 0x1fff0410 to 0x20010000] {
          rw, block CodeRelocateRam, block CSTACK, block HEAP };

  Section              Kind        Address    Size  Object
  -------              ----        -------    ----  ------
"A1":                                        0x410
  .intvec              const    0x00000000   0x410  vectors.o [1]
                              - 0x00000410   0x410

"P1", part 1 of 2:                             0x0
  .rodata              const    0x00000410     0x0  zero_init3.o [5]

"A2":                                          0x8
  .noinit              ro code  0x00000410     0x8  startup_MK60DZ10.o [1]
                              - 0x00000418     0x8

"P1", part 2 of 2:                          0x4c30
  .rodata              const    0x00000418   0xd5c  oled.o [1]
  .text                ro code  0x00001174   0xbe2  xprintflarge_nomb.o [3]
  .text                ro code  0x00001d56    0x22  zero_init3.o [5]
  .text                ro code  0x00001d78    0x16  strchr.o [5]
  .text                ro code  0x00001d90    0x36  strlen.o [5]
  .text                ro code  0x00001dc8    0x58  memchr.o [5]
  .text                ro code  0x00001e20    0xee  I64DivMod.o [5]
  .text                ro code  0x00001f10    0x76  ABImemcpy_unaligned.o [5]
  .text                ro code  0x00001f86    0x42  xdnorm.o [4]
  .text                ro code  0x00001fc8    0x2e  DblCmpLe.o [4]
  .text                ro code  0x00001ff8   0x1a2  DblMul.o [4]
  .text                ro code  0x0000219c   0x246  DblDiv.o [4]
  .text                ro code  0x000023e4    0x2c  DblToI32.o [4]
  .text                ro code  0x00002410    0x1c  I32ToDbl.o [4]
  .text                ro code  0x0000242c   0x180  DblSub.o [4]
  .text                ro code  0x000025ac    0x6c  localeconv.o [3]
  .text                ro code  0x00002618     0xe  div.o [3]
  .text                ro code  0x00002628     0x2  I64DivZer.o [5]
  .text                ro code  0x0000262c    0xd4  DblAdd.o [4]
  .text                ro code  0x00002700     0x2  xtls.o [3]
  .data_init                    0x00002704   0x7dc  <Block>
    Initializer bytes  ro data  0x00002704   0x7dc  <for .data-1>
  .rodata              const    0x00002ee0   0x5f0  oled.o [1]
  .text                ro code  0x000034d0   0x528  oled.o [1]
  .text                ro code  0x000039f8   0x128  MK60_gpio.o [1]
  .text                ro code  0x00003b20    0xb0  MK60_port.o [1]
  .text                ro code  0x00003bd0    0xc0  MK60_PIT.o [1]
  Veneer               ro code  0x00003c90     0x8  - Linker created -
  Veneer               ro code  0x00003c98     0x8  - Linker created -
  .text                ro code  0x00003ca0   0x180  MK60_conf.o [1]
  .text                ro code  0x00003e20    0x70  VCAN_LED.o [1]
  .text                ro code  0x00003e90    0x24  printf.o [3]
  .text                ro code  0x00003eb4   0x254  MK60_uart.o [1]
  .text                ro code  0x00004108    0xa8  VCAN_key.o [1]
  .rodata              const    0x000041b0   0x474  oled.o [1]
  Veneer               ro code  0x00004624     0x8  - Linker created -
  .text                ro code  0x0000462c   0x3b4  MK60_mcg.o [1]
  CodeRelocate                  0x000049e0   0x1d4  <Block>
    Initializer bytes  ro data  0x000049e0   0x1d4  <for CodeRelocateRam-1>
  .text                ro code  0x00004bb4   0x130  system_MK60DZ10.o [1]
  .text                ro code  0x00004ce4    0x40  MK60_wdog.o [1]
  .text                ro code  0x00004d24    0x22  main.o [1]
  .text                ro code  0x00004d48    0x2c  misc.o [1]
  .rodata              const    0x00004d74    0x3c  MK60_conf.o [1]
  .rodata              const    0x00004db0    0x38  MK60_flash.o [1]
  .rodata              const    0x00004de8    0x38  MK60_gpio.o [1]
  .rodata              const    0x00004e20    0x38  MK60_PIT.o [1]
  .rodata              const    0x00004e58    0x38  MK60_uart.o [1]
  .rodata              const    0x00004e90    0x34  misc.o [1]
  .text                ro code  0x00004ec4    0x28  data_init.o [5]
  .rodata              const    0x00004eec    0x24  MK60_conf.o [1]
  .iar.init_table      const    0x00004f10    0x10  - Linker created -
  .rodata              const    0x00004f20    0x20  MK60_conf.o [1]
  .text                ro code  0x00004f40    0x1a  cmain.o [5]
  .text                ro code  0x00004f5a     0x4  low_level_init.o [3]
  .text                ro code  0x00004f5e     0x4  exit.o [3]
  .text                ro code  0x00004f64     0xa  cexit.o [5]
  .text                ro code  0x00004f70     0xc  XXexit.o [5]
  .text                ro code  0x00004f7c    0x16  xprout.o [3]
  .text                ro code  0x00004f94     0xc  putchar.o [3]
  .rodata              const    0x00004fa0    0x14  MK60_conf.o [1]
  .text                ro code  0x00004fb4     0xc  cstartup_M.o [5]
  Initializer bytes    ro data  0x00004fc0    0x88  <for P2 s0>
                              - 0x00005048  0x4c30

"P2", part 1 of 3:                           0x9b0
  .data                         0x1fff0410   0x7dc  <Block>
    .data-1                     0x1fff0410   0x7dc  <Init block>
      .data            inited   0x1fff0410   0x708  MK60_conf.o [1]
      .data            inited   0x1fff0b18    0x14  MK60_gpio.o [1]
      .data            inited   0x1fff0b2c    0x44  MK60_mcg.o [1]
      .data            inited   0x1fff0b70     0x4  MK60_mcg.o [1]
      .data            inited   0x1fff0b74    0x14  MK60_port.o [1]
      .data            inited   0x1fff0b88    0x18  MK60_uart.o [1]
      .data            inited   0x1fff0ba0     0x8  VCAN_key.o [1]
      .data            inited   0x1fff0ba8     0x4  VCAN_LED.o [1]
      .data            inited   0x1fff0bac    0x40  xfiles.o [3]
  CodeRelocateRam               0x1fff0bec   0x1d4  <Block>
    CodeRelocateRam-1           0x1fff0bec   0x1d4  <Init block>
      Veneer           inited   0x1fff0bec     0x8  - Linker created -
      Veneer           inited   0x1fff0bf4     0x8  - Linker created -
      .textrw          inited   0x1fff0bfc   0x174  MK60_flash.o [1]
      .textrw          inited   0x1fff0d70    0x50  MK60_mcg.o [1]
                              - 0x1fff0dc0   0x9b0

"P2", part 2 of 3:                           0x45c
  .bss                          0x1fff0dc0   0x45c  <Block>
    .bss               zero     0x1fff0dc0   0x400  oled.o [1]
    .bss               zero     0x1fff11c0     0x4  system_MK60DZ10.o [1]
    .bss               zero     0x1fff11c4     0x4  system_MK60DZ10.o [1]
    .bss               zero     0x1fff11c8     0x4  system_MK60DZ10.o [1]
    .bss               zero     0x1fff11cc    0x50  xfiles.o [3]
                              - 0x1fff121c   0x45c

"P2", part 3 of 3:                            0x88
  P2 s0                         0x1fff121c    0x88  <Init block>
    __DLIB_PERTHREAD   inited   0x1fff121c    0x88  localeconv.o [3]
                              - 0x1fff12a4    0x88


*******************************************************************************
*** INIT TABLE
***

          Address     Size
          -------     ----
Zero (__iar_zero_init3)
    1 destination range, total size 0x45c:
          0x1fff0dc0  0x45c



*******************************************************************************
*** MODULE SUMMARY
***

    Module                 ro code  rw code  ro data  rw data
    ------                 -------  -------  -------  -------
C:\Users\Mr.Wang\Desktop\k60模板\Prj\IAR\DZ10_Debug\Obj: [1]
    MK60_PIT.o                 192                56
    MK60_conf.o                384             1 948    1 800
    MK60_flash.o                        372      428
    MK60_gpio.o                296                76       20
    MK60_mcg.o                 948       80      152       72
    MK60_port.o                176                20       20
    MK60_uart.o                596                80       24
    MK60_wdog.o                 64
    VCAN_LED.o                 112                 4        4
    VCAN_key.o                 168                 8        8
    main.o                      34
    misc.o                      44                52
    oled.o                   1 320             6 080    1 024
    startup_MK60DZ10.o           8
    system_MK60DZ10.o          304                         12
    vectors.o                                  1 040
    ---------------------------------------------------------
    Total:                   4 646      452    9 944    2 984

command line: [2]
    ---------------------------------------------------------
    Total:

dl7M_tlf.a: [3]
    div.o                       14
    exit.o                       4
    localeconv.o               108               136      136
    low_level_init.o             4
    printf.o                    36
    putchar.o                   12
    xfiles.o                                      64      144
    xprintflarge_nomb.o      3 042
    xprout.o                    22
    xtls.o                       2
    ---------------------------------------------------------
    Total:                   3 244               200      280

m7M_tl.a: [4]
    DblAdd.o                   212
    DblCmpLe.o                  46
    DblDiv.o                   582
    DblMul.o                   418
    DblSub.o                   384
    DblToI32.o                  44
    I32ToDbl.o                  28
    xdnorm.o                    66
    ---------------------------------------------------------
    Total:                   1 780

rt7M_tl.a: [5]
    ABImemcpy_unaligned.o      118
    I64DivMod.o                238
    I64DivZer.o                  2
    XXexit.o                    12
    cexit.o                     10
    cmain.o                     26
    cstartup_M.o                12
    data_init.o                 40
    memchr.o                    88
    strchr.o                    22
    strlen.o                    54
    zero_init3.o                34
    ---------------------------------------------------------
    Total:                     656

    Gaps                        24
    Linker created              24       16       32
-------------------------------------------------------------
    Grand Total:            10 374      468   10 176    3 264


*******************************************************************************
*** ENTRY LIST
***

Entry                      Address   Size  Type      Object
-----                      -------   ----  ----      ------
.bss$$Base              0x1fff0dc0          --   Gb  - Linker created -
.bss$$Limit             0x1fff121c          --   Gb  - Linker created -
.data$$Base             0x1fff0410          --   Gb  - Linker created -
.data$$Limit            0x1fff0bec          --   Gb  - Linker created -
.data_init$$Base        0x00002704          --   Gb  - Linker created -
.data_init$$Limit       0x00002ee0          --   Gb  - Linker created -
?main                   0x00004f41         Code  Gb  cmain.o [5]
ASSERT_FAILED_STR       0x00004eec   0x24  Data  Gb  MK60_conf.o [1]
CodeRelocate$$Base      0x000049e0          --   Gb  - Linker created -
CodeRelocate$$Limit     0x00004bb4          --   Gb  - Linker created -
CodeRelocateRam$$Base   0x1fff0bec          --   Gb  - Linker created -
CodeRelocateRam$$Limit  0x1fff0dc0          --   Gb  - Linker created -
GPIOX                   0x1fff0b18   0x14  Data  Gb  MK60_gpio.o [1]
KEY_PTxn                0x1fff0ba0    0x8  Data  Gb  VCAN_key.o [1]
LED_PTxn                0x1fff0ba8    0x4  Data  Gb  VCAN_LED.o [1]
NVIC_SystemReset        0x00003ca1   0x1a  Code  Lc  MK60_conf.o [1]
OLED_Clear              0x0000357d   0x34  Code  Gb  oled.o [1]
OLED_DrawPoint          0x000035b1   0x80  Code  Gb  oled.o [1]
OLED_GRAM               0x1fff0dc0  0x400  Data  Gb  oled.o [1]
OLED_Init               0x00003875  0x15c  Code  Gb  oled.o [1]
OLED_Refresh_Gram       0x000034d1   0x50  Code  Gb  oled.o [1]
OLED_ShowChar           0x00003631  0x12e  Code  Gb  oled.o [1]
OLED_ShowNum_Inverse    0x00003775  0x100  Code  Gb  oled.o [1]
OLED_WR_Byte            0x00003521   0x5c  Code  Gb  oled.o [1]
PORTX                   0x1fff0b74   0x14  Data  Gb  MK60_port.o [1]
Region$$Table$$Base     0x00004f10          --   Gb  - Linker created -
Region$$Table$$Limit    0x00004f20          --   Gb  - Linker created -
Reset_Handler           0x00000411         Code  Gb  startup_MK60DZ10.o [1]
UARTN                   0x1fff0b88   0x18  Data  Gb  MK60_uart.o [1]
_GenldLargeNoMb         0x00001ad9  0x234  Code  Lc  xprintflarge_nomb.o [3]
_LdtobLargeNoMb         0x00001859  0x27a  Code  Lc  xprintflarge_nomb.o [3]
_LitobLargeNoMb         0x00001751  0x106  Code  Lc  xprintflarge_nomb.o [3]
_Locale_aeabi_lconv     0x1fff126c   0x38  Data  Gb  localeconv.o [3]
_Locale_lconv           0x1fff121c   0x50  Data  Gb  localeconv.o [3]
_PrintfLargeNoMb        0x00001175  0x5d6  Code  Gb  xprintflarge_nomb.o [3]
_Prout                  0x00004f7d   0x16  Code  Gb  xprout.o [3]
_PutcharsLargeNoMb      0x00001d0d   0x2e  Code  Lc  xprintflarge_nomb.o [3]
__BOOT_STACK_ADDRESS {Abs}
                        0x2000fff8          --   Gb  command line/config [2]
__VECTOR_RAM {Abs}      0x1fff0000          --   Gb  command line/config [2]
__VECTOR_TABLE {Abs}    0x00000000          --   Gb  command line/config [2]
__aeabi_cdcmple         0x00001fc9         Code  Gb  DblCmpLe.o [4]
__aeabi_d2uiz           0x000023e5         Code  Gb  DblToI32.o [4]
__aeabi_ddiv            0x0000219d         Code  Gb  DblDiv.o [4]
__aeabi_dmul            0x00001ff9         Code  Gb  DblMul.o [4]
__aeabi_dsub            0x0000242d         Code  Gb  DblSub.o [4]
__aeabi_ldiv0           0x00002629         Code  Gb  I64DivZer.o [5]
__aeabi_ui2d            0x00002411         Code  Gb  I32ToDbl.o [4]
__aeabi_uldivmod        0x00001e21         Code  Gb  I64DivMod.o [5]
__cmain                 0x00004f41         Code  Gb  cmain.o [5]
__code_start__ {Abs}    0x00000410          --   Gb  command line/config [2]
__exit                  0x00004f71         Code  Gb  XXexit.o [5]
__iar_Dnorm             0x00001f87   0x42  Code  Gb  xdnorm.o [4]
__iar_Locale_lconv_init
                        0x000025ad   0x3a  Code  Gb  localeconv.o [3]
__iar_Memchr            0x00001dc9         Code  Gb  memchr.o [5]
__iar_Stdout            0x1fff0bac   0x40  Data  Gb  xfiles.o [3]
__iar_Strchr            0x00001d79         Code  Gb  strchr.o [5]
__iar_d2uiz             0x000023f1         Code  Gb  DblToI32.o [4]
__iar_dadd              0x0000262d         Code  Gb  DblAdd.o [4]
__iar_data_init3        0x00004ec5   0x28  Code  Gb  data_init.o [5]
__iar_dlib_perthread_access
                        0x00002701    0x2  Code  Gb  xtls.o [3]
__iar_dsub              0x00002441         Code  Gb  DblSub.o [4]
__iar_dsubStart         0x00002453         Code  Gb  DblSub.o [4]
__iar_program_start     0x00004fb5         Code  Gb  cstartup_M.o [5]
__iar_ui2d              0x00002415         Code  Gb  I32ToDbl.o [4]
__iar_unaligned___aeabi_memcpy
                        0x00001f11         Code  Gb  ABImemcpy_unaligned.o [5]
__iar_unaligned___aeabi_memcpy4
                        0x00001f31         Code  Gb  ABImemcpy_unaligned.o [5]
__iar_unaligned___aeabi_memcpy8
                        0x00001f31         Code  Gb  ABImemcpy_unaligned.o [5]
__iar_zero_init3        0x00001d57   0x22  Code  Gb  zero_init3.o [5]
__low_level_init        0x00004f5b    0x4  Code  Gb  low_level_init.o [3]
__vector_table          0x00000000  0x410  Data  Gb  vectors.o [1]
_call_main              0x00004f4d         Code  Gb  cmain.o [5]
_exit                   0x00004f65         Code  Gb  cexit.o [5]
_main                   0x00004f57         Code  Gb  cmain.o [5]
asc2_1206               0x000041b0  0x474  Data  Gb  oled.o [1]
asc2_1608               0x00002ee0  0x5f0  Data  Gb  oled.o [1]
asc2_2412               0x00000418  0xd5c  Data  Gb  oled.o [1]
assert_failed           0x00003cbb   0x30  Code  Gb  MK60_conf.o [1]
bus_clk_khz             0x1fff11c8    0x4  Data  Gb  system_MK60DZ10.o [1]
common_startup          0x00004c13   0x98  Code  Gb  system_MK60DZ10.o [1]
core_clk_khz            0x1fff11c0    0x4  Data  Gb  system_MK60DZ10.o [1]
core_clk_mhz            0x1fff11c4    0x4  Data  Gb  system_MK60DZ10.o [1]
default_isr             0x00003dc1   0x3a  Code  Gb  MK60_conf.o [1]
div                     0x00002619    0xe  Code  Gb  div.o [3]
exit                    0x00004f5f    0x4  Code  Gb  exit.o [3]
flash_cmd               0x1fff0bfd   0x20  Code  Gb  MK60_flash.o [1]
flash_erase_sector      0x1fff0c57   0x58  Code  Gb  MK60_flash.o [1]
flash_init              0x1fff0c1d   0x3a  Code  Gb  MK60_flash.o [1]
flash_write             0x1fff0caf   0x8e  Code  Gb  MK60_flash.o [1]
fputc                   0x00003ceb   0x14  Code  Gb  MK60_conf.o [1]
gpio_get                0x00003adf   0x3a  Code  Gb  MK60_gpio.o [1]
gpio_init               0x000039f9   0xae  Code  Gb  MK60_gpio.o [1]
gpio_turn               0x00003aa7   0x38  Code  Gb  MK60_gpio.o [1]
key_check               0x00004175   0x34  Code  Gb  VCAN_key.o [1]
key_get                 0x0000415b   0x1a  Code  Gb  VCAN_key.o [1]
key_init                0x00004109   0x52  Code  Gb  VCAN_key.o [1]
led_init                0x00003e21   0x3a  Code  Gb  VCAN_LED.o [1]
led_turn                0x00003e5b   0x32  Code  Gb  VCAN_LED.o [1]
localeconv              0x000025e7   0x16  Code  Gb  localeconv.o [3]
main                    0x00004d25   0x22  Code  Gb  main.o [1]
mcg_cfg                 0x1fff0b2c   0x44  Data  Gb  MK60_mcg.o [1]
mcg_div                 0x1fff0b70    0x4  Data  Gb  MK60_mcg.o [1]
mcg_div_count           0x0000462d  0x2e6  Code  Gb  MK60_mcg.o [1]
memchr                  0x00001dc9         Code  Gb  memchr.o [5]
mypow                   0x0000375f   0x16  Code  Gb  oled.o [1]
obuf                    0x1fff11cc   0x50  Data  Lc  xfiles.o [3]
pit_delay               0x00003bd1   0xb0  Code  Gb  MK60_PIT.o [1]
pll_init                0x00004913   0xb2  Code  Gb  MK60_mcg.o [1]
port_init               0x00003b21   0x44  Code  Gb  MK60_port.o [1]
port_init_NoALT         0x00003b65   0x62  Code  Gb  MK60_port.o [1]
printf                  0x00003e91   0x24  Code  Gb  printf.o [3]
putchar                 0x00004f95    0xc  Code  Gb  putchar.o [3]
set_sys_dividers        0x1fff0d71   0x50  Code  Gb  MK60_mcg.o [1]
start                   0x00004bb5   0x22  Code  Gb  system_MK60DZ10.o [1]
start_check             0x00003cff   0xc2  Code  Gb  MK60_conf.o [1]
strchr                  0x00001d79         Code  Gb  strchr.o [5]
strlen                  0x00001d91         Code  Gb  strlen.o [5]
sysinit                 0x00004bd7   0x3c  Code  Gb  system_MK60DZ10.o [1]
uart_init               0x00003eb5  0x220  Code  Gb  MK60_uart.o [1]
uart_putchar            0x000040d5   0x1a  Code  Gb  MK60_uart.o [1]
vector_str              0x1fff0410  0x708  Data  Gb  MK60_conf.o [1]
wdog_disable            0x00004ce5   0x16  Code  Gb  MK60_wdog.o [1]
wdog_unlock             0x00004cfb   0x20  Code  Lc  MK60_wdog.o [1]
write_vtor              0x00004d49   0x22  Code  Gb  misc.o [1]


[1] = C:\Users\Mr.Wang\Desktop\k60模板\Prj\IAR\DZ10_Debug\Obj
[2] = command line
[3] = dl7M_tlf.a
[4] = m7M_tl.a
[5] = rt7M_tl.a

  10 374 bytes of readonly  code memory
     468 bytes of readwrite code memory
  10 176 bytes of readonly  data memory
   3 264 bytes of readwrite data memory

Errors: none
Warnings: none
